package underlying

import "net/http"

type myString string

const c = ""

func _() {
	http.Header{}.Get(st(c))
	http.Header{}.Get(st("hello-world"))
	http.Header{}.Get(string(string(myString("Tt")))) // want `non-canonical header "TT", instead use: "Tt"`
	http.Header{}.Get(t())
}

func t() string { return "" }

func st(str string) string { return str }
